spi.c:30:6:MX_SPI2_Init	8	static
spi.c:61:6:HAL_SPI_MspInit	48	static
spi.c:98:6:HAL_SPI_MspDeInit	16	static
spi.c:156:6:SPI_Error	8	static
spi.c:168:6:set_startbyte	16	static
spi.c:179:6:set_byte	16	static
spi.c:188:6:display_set_backlight	16	static
spi.c:207:6:display_hw_reset	8	static
spi.c:218:6:send	8	static
spi.c:227:6:display_clear	8	static
spi.c:237:6:display_init	16	static
spi.c:257:6:display_set_line	16	static
spi.c:266:6:display_write	16	static
spi.c:279:6:display_write_line	24	static
