spi.c:29:6:MX_SPI2_Init	8	static
spi.c:63:6:HAL_SPI_MspInit	48	static
spi.c:102:6:HAL_SPI_MspDeInit	16	static
spi.c:162:6:SPI_Error	8	static
spi.c:174:6:set_startbyte	16	static
spi.c:185:6:set_byte	16	static
spi.c:194:6:display_set_backlight	16	static
spi.c:212:6:display_hw_reset	8	static
spi.c:223:6:send	8	static
spi.c:232:6:display_clear	8	static
spi.c:242:6:display_init	16	static
spi.c:262:6:display_set_line	16	static
spi.c:272:6:display_write	16	static
spi.c:285:6:display_write_line	24	static
